kotlin version: 1.9.20
error message: org.jetbrains.kotlin.util.KotlinFrontEndException: Exception while analyzing expression in (301,74) in /home/bykk/iDrugWgtest/iDrugWg-master/ui/src/main/java/org/amnezia/awg/fragment/AccountFragment.kt

Attachments:
causeThrowable
java.lang.IllegalStateException: Could not read class: VirtualFile: /home/bykk/iDrugWgtest/iDrugWg-master/ui/build/intermediates/compile_r_class_jar/debug/generateDebugRFile/R.jar!/org/amnezia/awg/R$drawable.class
	at org.jetbrains.kotlin.load.java.structure.impl.classFiles.BinaryJavaClass.<init>(BinaryJavaClass.kt:122)
	at org.jetbrains.kotlin.load.java.structure.impl.classFiles.BinaryJavaClass.findInnerClass(BinaryJavaClass.kt:253)
	at org.jetbrains.kotlin.cli.jvm.compiler.KotlinCliJavaFileManagerImpl.findClass(KotlinCliJavaFileManagerImpl.kt:121)
	at org.jetbrains.kotlin.resolve.jvm.KotlinJavaPsiFacade$CliFinder.findClass(KotlinJavaPsiFacade.java:535)
	at org.jetbrains.kotlin.resolve.jvm.KotlinJavaPsiFacade.findClass(KotlinJavaPsiFacade.java:187)
	at org.jetbrains.kotlin.load.java.JavaClassFinderImpl.findClass(JavaClassFinderImpl.kt:46)
	at org.jetbrains.kotlin.load.java.lazy.descriptors.LazyJavaClassMemberScope$nestedClasses$1.invoke(LazyJavaClassMemberScope.kt:817)
	at org.jetbrains.kotlin.load.java.lazy.descriptors.LazyJavaClassMemberScope$nestedClasses$1.invoke(LazyJavaClassMemberScope.kt:814)
	at org.jetbrains.kotlin.storage.LockBasedStorageManager$MapBasedMemoizedFunction.invoke(LockBasedStorageManager.java:578)
	at org.jetbrains.kotlin.load.java.lazy.descriptors.LazyJavaClassMemberScope.getContributedClassifier(LazyJavaClassMemberScope.kt:860)
	at org.jetbrains.kotlin.resolve.scopes.InnerClassesScopeWrapper.getContributedClassifier(InnerClassesScopeWrapper.kt:29)
	at org.jetbrains.kotlin.resolve.QualifiedExpressionResolver.getContributedClassifier(QualifiedExpressionResolver.kt:570)
	at org.jetbrains.kotlin.resolve.QualifiedExpressionResolver.resolveToPackageOrClassPrefix(QualifiedExpressionResolver.kt:538)
	at org.jetbrains.kotlin.resolve.QualifiedExpressionResolver.resolveQualifierInExpressionAndUnroll(QualifiedExpressionResolver.kt:646)
	at org.jetbrains.kotlin.resolve.calls.CallExpressionResolver.elementChain(CallExpressionResolver.kt:295)
	at org.jetbrains.kotlin.resolve.calls.CallExpressionResolver.getQualifiedExpressionTypeInfo(CallExpressionResolver.kt:440)
	at org.jetbrains.kotlin.types.expressions.BasicExpressionTypingVisitor.visitQualifiedExpression(BasicExpressionTypingVisitor.java:725)
	at org.jetbrains.kotlin.types.expressions.ExpressionTypingVisitorDispatcher.visitQualifiedExpression(ExpressionTypingVisitorDispatcher.java:391)
	at org.jetbrains.kotlin.types.expressions.ExpressionTypingVisitorDispatcher$ForDeclarations.visitQualifiedExpression(ExpressionTypingVisitorDispatcher.java:47)
	at org.jetbrains.kotlin.psi.KtVisitor.visitDotQualifiedExpression(KtVisitor.java:306)
	at org.jetbrains.kotlin.psi.KtDotQualifiedExpression.accept(KtDotQualifiedExpression.kt:33)
	at org.jetbrains.kotlin.types.expressions.ExpressionTypingVisitorDispatcher.lambda$getTypeInfo$0(ExpressionTypingVisitorDispatcher.java:176)
	at org.jetbrains.kotlin.util.PerformanceCounter.time(PerformanceCounter.kt:90)
	at org.jetbrains.kotlin.types.expressions.ExpressionTypingVisitorDispatcher.getTypeInfo(ExpressionTypingVisitorDispatcher.java:165)
	at org.jetbrains.kotlin.types.expressions.ExpressionTypingVisitorDispatcher.getTypeInfo(ExpressionTypingVisitorDispatcher.java:135)
	at org.jetbrains.kotlin.types.expressions.ExpressionTypingServices.getTypeInfo(ExpressionTypingServices.java:126)
	at org.jetbrains.kotlin.resolve.calls.tower.PSICallResolver.resolveValueArgument(PSICallResolver.kt:818)
	at org.jetbrains.kotlin.resolve.calls.tower.PSICallResolver.resolveArgumentsInParenthesis(PSICallResolver.kt:754)
	at org.jetbrains.kotlin.resolve.calls.tower.PSICallResolver.toKotlinCall(PSICallResolver.kt:613)
	at org.jetbrains.kotlin.resolve.calls.tower.PSICallResolver.toKotlinCall$default(PSICallResolver.kt:589)
	at org.jetbrains.kotlin.resolve.calls.tower.PSICallResolver.runResolutionAndInference(PSICallResolver.kt:109)
	at org.jetbrains.kotlin.resolve.calls.CallResolver.doResolveCallOrGetCachedResults(CallResolver.java:602)
	at org.jetbrains.kotlin.resolve.calls.CallResolver.lambda$computeTasksAndResolveCall$0(CallResolver.java:213)
	at org.jetbrains.kotlin.util.PerformanceCounter.time(PerformanceCounter.kt:90)
	at org.jetbrains.kotlin.resolve.calls.CallResolver.computeTasksAndResolveCall(CallResolver.java:211)
	at org.jetbrains.kotlin.resolve.calls.CallResolver.computeTasksAndResolveCall(CallResolver.java:199)
	at org.jetbrains.kotlin.resolve.calls.CallResolver.resolveFunctionCall(CallResolver.java:329)
	at org.jetbrains.kotlin.resolve.calls.CallExpressionResolver.getResolvedCallForFunction(CallExpressionResolver.kt:86)
	at org.jetbrains.kotlin.resolve.calls.CallExpressionResolver.getCallExpressionTypeInfoWithoutFinalTypeCheck(CallExpressionResolver.kt:208)
	at org.jetbrains.kotlin.resolve.calls.CallExpressionResolver.getUnsafeSelectorTypeInfo(CallExpressionResolver.kt:332)
	at org.jetbrains.kotlin.resolve.calls.CallExpressionResolver.getSafeOrUnsafeSelectorTypeInfo(CallExpressionResolver.kt:382)
	at org.jetbrains.kotlin.resolve.calls.CallExpressionResolver.getQualifiedExpressionTypeInfo(CallExpressionResolver.kt:480)
	at org.jetbrains.kotlin.types.expressions.BasicExpressionTypingVisitor.visitQualifiedExpression(BasicExpressionTypingVisitor.java:725)
	at org.jetbrains.kotlin.types.expressions.ExpressionTypingVisitorDispatcher.visitQualifiedExpression(ExpressionTypingVisitorDispatcher.java:391)
	at org.jetbrains.kotlin.types.expressions.ExpressionTypingVisitorDispatcher$ForBlock.visitQualifiedExpression(ExpressionTypingVisitorDispatcher.java:60)
	at org.jetbrains.kotlin.psi.KtVisitor.visitDotQualifiedExpression(KtVisitor.java:306)
	at org.jetbrains.kotlin.psi.KtDotQualifiedExpression.accept(KtDotQualifiedExpression.kt:33)
	at org.jetbrains.kotlin.types.expressions.ExpressionTypingVisitorDispatcher.lambda$getTypeInfo$0(ExpressionTypingVisitorDispatcher.java:176)
	at org.jetbrains.kotlin.util.PerformanceCounter.time(PerformanceCounter.kt:90)
	at org.jetbrains.kotlin.types.expressions.ExpressionTypingVisitorDispatcher.getTypeInfo(ExpressionTypingVisitorDispatcher.java:165)
	at org.jetbrains.kotlin.types.expressions.ExpressionTypingVisitorDispatcher.getTypeInfo(ExpressionTypingVisitorDispatcher.java:135)
	at org.jetbrains.kotlin.types.expressions.ExpressionTypingVisitorForStatements.visitExpression(ExpressionTypingVisitorForStatements.java:543)
	at org.jetbrains.kotlin.types.expressions.ExpressionTypingVisitorForStatements.visitExpression(ExpressionTypingVisitorForStatements.java:73)
	at org.jetbrains.kotlin.psi.KtVisitor.visitQualifiedExpression(KtVisitor.java:290)
	at org.jetbrains.kotlin.psi.KtVisitor.visitDotQualifiedExpression(KtVisitor.java:306)
	at org.jetbrains.kotlin.psi.KtDotQualifiedExpression.accept(KtDotQualifiedExpression.kt:33)
	at org.jetbrains.kotlin.types.expressions.ExpressionTypingVisitorDispatcher.lambda$getTypeInfo$0(ExpressionTypingVisitorDispatcher.java:176)
	at org.jetbrains.kotlin.util.PerformanceCounter.time(PerformanceCounter.kt:90)
	at org.jetbrains.kotlin.types.expressions.ExpressionTypingVisitorDispatcher.getTypeInfo(ExpressionTypingVisitorDispatcher.java:165)
	at org.jetbrains.kotlin.types.expressions.ExpressionTypingVisitorDispatcher.getTypeInfo(ExpressionTypingVisitorDispatcher.java:148)
	at org.jetbrains.kotlin.types.expressions.ExpressionTypingServices.getTypeOfLastExpressionInBlock(ExpressionTypingServices.java:451)
	at org.jetbrains.kotlin.types.expressions.ExpressionTypingServices.getBlockReturnedTypeWithWritableScope(ExpressionTypingServices.java:328)
	at org.jetbrains.kotlin.types.expressions.ExpressionTypingServices.getBlockReturnedType(ExpressionTypingServices.java:207)
	at org.jetbrains.kotlin.types.expressions.ExpressionTypingServices.getBlockReturnedType(ExpressionTypingServices.java:184)
	at org.jetbrains.kotlin.types.expressions.ExpressionTypingVisitorForStatements.visitBlockExpression(ExpressionTypingVisitorForStatements.java:586)
	at org.jetbrains.kotlin.types.expressions.ExpressionTypingVisitorForStatements.visitBlockExpression(ExpressionTypingVisitorForStatements.java:73)
	at org.jetbrains.kotlin.psi.KtBlockExpression.accept(KtBlockExpression.java:79)
	at org.jetbrains.kotlin.types.expressions.ExpressionTypingVisitorDispatcher.lambda$getTypeInfo$0(ExpressionTypingVisitorDispatcher.java:176)
	at org.jetbrains.kotlin.util.PerformanceCounter.time(PerformanceCounter.kt:90)
	at org.jetbrains.kotlin.types.expressions.ExpressionTypingVisitorDispatcher.getTypeInfo(ExpressionTypingVisitorDispatcher.java:165)
	at org.jetbrains.kotlin.types.expressions.ExpressionTypingVisitorDispatcher.getTypeInfo(ExpressionTypingVisitorDispatcher.java:148)
	at org.jetbrains.kotlin.types.expressions.ExpressionTypingServices.checkFunctionReturnType(ExpressionTypingServices.java:179)
	at org.jetbrains.kotlin.types.expressions.ExpressionTypingServices.checkFunctionReturnType(ExpressionTypingServices.java:166)
	at org.jetbrains.kotlin.resolve.BodyResolver.resolveFunctionBody(BodyResolver.java:1054)
	at org.jetbrains.kotlin.resolve.BodyResolver.resolveFunctionBody(BodyResolver.java:997)
	at org.jetbrains.kotlin.resolve.BodyResolver.resolveFunctionBodies(BodyResolver.java:982)
	at org.jetbrains.kotlin.resolve.BodyResolver.resolveBehaviorDeclarationBodies(BodyResolver.java:129)
	at org.jetbrains.kotlin.resolve.BodyResolver.resolveBodies(BodyResolver.java:256)
	at org.jetbrains.kotlin.resolve.LazyTopDownAnalyzer.analyzeDeclarations(LazyTopDownAnalyzer.kt:227)
	at org.jetbrains.kotlin.resolve.LazyTopDownAnalyzer.analyzeDeclarations$default(LazyTopDownAnalyzer.kt:58)
	at org.jetbrains.kotlin.cli.jvm.compiler.TopDownAnalyzerFacadeForJVM.analyzeFilesWithJavaIntegration(TopDownAnalyzerFacadeForJVM.kt:119)
	at org.jetbrains.kotlin.cli.jvm.compiler.TopDownAnalyzerFacadeForJVM.analyzeFilesWithJavaIntegration$default(TopDownAnalyzerFacadeForJVM.kt:77)
	at org.jetbrains.kotlin.cli.jvm.compiler.KotlinToJVMBytecodeCompiler$analyze$1.invoke(KotlinToJVMBytecodeCompiler.kt:256)
	at org.jetbrains.kotlin.cli.jvm.compiler.KotlinToJVMBytecodeCompiler$analyze$1.invoke(KotlinToJVMBytecodeCompiler.kt:247)
	at org.jetbrains.kotlin.cli.common.messages.AnalyzerWithCompilerReport.analyzeAndReport(AnalyzerWithCompilerReport.kt:115)
	at org.jetbrains.kotlin.cli.jvm.compiler.KotlinToJVMBytecodeCompiler.analyze(KotlinToJVMBytecodeCompiler.kt:247)
	at org.jetbrains.kotlin.cli.jvm.compiler.KotlinToJVMBytecodeCompiler.compileModules$cli(KotlinToJVMBytecodeCompiler.kt:87)
	at org.jetbrains.kotlin.cli.jvm.compiler.KotlinToJVMBytecodeCompiler.compileModules$cli$default(KotlinToJVMBytecodeCompiler.kt:43)
	at org.jetbrains.kotlin.cli.jvm.K2JVMCompiler.doExecute(K2JVMCompiler.kt:165)
	at org.jetbrains.kotlin.cli.jvm.K2JVMCompiler.doExecute(K2JVMCompiler.kt:50)
	at org.jetbrains.kotlin.cli.common.CLICompiler.execImpl(CLICompiler.kt:104)
	at org.jetbrains.kotlin.cli.common.CLICompiler.execImpl(CLICompiler.kt:48)
	at org.jetbrains.kotlin.cli.common.CLITool.exec(CLITool.kt:101)
	at org.jetbrains.kotlin.incremental.IncrementalJvmCompilerRunner.runCompiler(IncrementalJvmCompilerRunner.kt:463)
	at org.jetbrains.kotlin.incremental.IncrementalJvmCompilerRunner.runCompiler(IncrementalJvmCompilerRunner.kt:62)
	at org.jetbrains.kotlin.incremental.IncrementalCompilerRunner.doCompile(IncrementalCompilerRunner.kt:477)
	at org.jetbrains.kotlin.incremental.IncrementalCompilerRunner.compileImpl(IncrementalCompilerRunner.kt:400)
	at org.jetbrains.kotlin.incremental.IncrementalCompilerRunner.tryCompileIncrementally$lambda$6$compile(IncrementalCompilerRunner.kt:231)
	at org.jetbrains.kotlin.incremental.IncrementalCompilerRunner.tryCompileIncrementally(IncrementalCompilerRunner.kt:247)
	at org.jetbrains.kotlin.incremental.IncrementalCompilerRunner.compile(IncrementalCompilerRunner.kt:116)
	at org.jetbrains.kotlin.daemon.CompileServiceImplBase.execIncrementalCompiler(CompileServiceImpl.kt:657)
	at org.jetbrains.kotlin.daemon.CompileServiceImplBase.access$execIncrementalCompiler(CompileServiceImpl.kt:105)
	at org.jetbrains.kotlin.daemon.CompileServiceImpl.compile(CompileServiceImpl.kt:1624)
	at java.base/jdk.internal.reflect.NativeMethodAccessorImpl.invoke0(Native Method)
	at java.base/jdk.internal.reflect.NativeMethodAccessorImpl.invoke(NativeMethodAccessorImpl.java:77)
	at java.base/jdk.internal.reflect.DelegatingMethodAccessorImpl.invoke(DelegatingMethodAccessorImpl.java:43)
	at java.base/java.lang.reflect.Method.invoke(Method.java:569)
	at java.rmi/sun.rmi.server.UnicastServerRef.dispatch(UnicastServerRef.java:360)
	at java.rmi/sun.rmi.transport.Transport$1.run(Transport.java:200)
	at java.rmi/sun.rmi.transport.Transport$1.run(Transport.java:197)
	at java.base/java.security.AccessController.doPrivileged(AccessController.java:712)
	at java.rmi/sun.rmi.transport.Transport.serviceCall(Transport.java:196)
	at java.rmi/sun.rmi.transport.tcp.TCPTransport.handleMessages(TCPTransport.java:587)
	at java.rmi/sun.rmi.transport.tcp.TCPTransport$ConnectionHandler.run0(TCPTransport.java:828)
	at java.rmi/sun.rmi.transport.tcp.TCPTransport$ConnectionHandler.lambda$run$0(TCPTransport.java:705)
	at java.base/java.security.AccessController.doPrivileged(AccessController.java:399)
	at java.rmi/sun.rmi.transport.tcp.TCPTransport$ConnectionHandler.run(TCPTransport.java:704)
	at java.base/java.util.concurrent.ThreadPoolExecutor.runWorker(ThreadPoolExecutor.java:1136)
	at java.base/java.util.concurrent.ThreadPoolExecutor$Worker.run(ThreadPoolExecutor.java:635)
	at java.base/java.lang.Thread.run(Thread.java:840)
Caused by: java.nio.file.NoSuchFileException: /home/bykk/iDrugWgtest/iDrugWg-master/ui/build/intermediates/compile_r_class_jar/debug/generateDebugRFile/R.jar
	at java.base/sun.nio.fs.UnixException.translateToIOException(UnixException.java:92)
	at java.base/sun.nio.fs.UnixException.rethrowAsIOException(UnixException.java:106)
	at java.base/sun.nio.fs.UnixException.rethrowAsIOException(UnixException.java:111)
	at java.base/sun.nio.fs.UnixFileAttributeViews$Basic.readAttributes(UnixFileAttributeViews.java:55)
	at java.base/sun.nio.fs.UnixFileSystemProvider.readAttributes(UnixFileSystemProvider.java:148)
	at java.base/sun.nio.fs.LinuxFileSystemProvider.readAttributes(LinuxFileSystemProvider.java:99)
	at java.base/java.nio.file.Files.readAttributes(Files.java:1851)
	at org.jetbrains.kotlin.com.intellij.openapi.vfs.impl.ZipHandler.acquireZipHandle(ZipHandler.java:50)
	at org.jetbrains.kotlin.com.intellij.openapi.vfs.impl.ZipHandlerBase.contentsToByteArray(ZipHandlerBase.java:100)
	at org.jetbrains.kotlin.com.intellij.openapi.vfs.impl.jar.CoreJarVirtualFile.contentsToByteArray(CoreJarVirtualFile.java:111)
	at org.jetbrains.kotlin.load.java.structure.impl.classFiles.BinaryJavaClass.<init>(BinaryJavaClass.kt:117)
	... 119 more

----
expression.kt
<File name: AccountFragment.kt, Physical: true>
private fun showLoginScreen(view: View) {
        view.findViewById<Button>(R.id.btn_login_telegram).visibility = View.VISIBLE
        view.findViewById<Button>(R.id.btn_show_qr_login).visibility = View.VISIBLE
        view.findViewById<Button>(R.id.btn_download).visibility = View.GONE
        view.findViewById<Button>(R.id.btn_renew).visibility = View.GONE
        view.findViewById<Button>(R.id.btn_logout).visibility = View.GONE
        view.findViewById<Spinner>(R.id.spinner_server).visibility = View.GONE
        view.findViewById<TextView>(R.id.text_server_choice).visibility = View.GONE
        view.findViewById<ImageView>(R.id.qr_code_image).visibility = View.GONE
        view.findViewById<TextView>(R.id.text_current_user).text = "Вход через Telegram или QR"
        view.findViewById<TextView>(R.id.status_text).text = ""
        view.findViewById<TextView>(R.id.text_expiration).text = ""
        view.findViewById<ImageView>(R.id.avatar_image).setImageResource(<ELEMENT>R.drawable.ic_avatar_placeholder</ELEMENT>)
    }
	at org.jetbrains.kotlin.types.expressions.ExpressionTypingVisitorDispatcher.logOrThrowException(ExpressionTypingVisitorDispatcher.java:261)
	at org.jetbrains.kotlin.types.expressions.ExpressionTypingVisitorDispatcher.lambda$getTypeInfo$0(ExpressionTypingVisitorDispatcher.java:225)
	at org.jetbrains.kotlin.util.PerformanceCounter.time(PerformanceCounter.kt:90)
	at org.jetbrains.kotlin.types.expressions.ExpressionTypingVisitorDispatcher.getTypeInfo(ExpressionTypingVisitorDispatcher.java:165)
	at org.jetbrains.kotlin.types.expressions.ExpressionTypingVisitorDispatcher.getTypeInfo(ExpressionTypingVisitorDispatcher.java:135)
	at org.jetbrains.kotlin.types.expressions.ExpressionTypingServices.getTypeInfo(ExpressionTypingServices.java:126)
	at org.jetbrains.kotlin.resolve.calls.tower.PSICallResolver.resolveValueArgument(PSICallResolver.kt:818)
	at org.jetbrains.kotlin.resolve.calls.tower.PSICallResolver.resolveArgumentsInParenthesis(PSICallResolver.kt:754)
	at org.jetbrains.kotlin.resolve.calls.tower.PSICallResolver.toKotlinCall(PSICallResolver.kt:613)
	at org.jetbrains.kotlin.resolve.calls.tower.PSICallResolver.toKotlinCall$default(PSICallResolver.kt:589)
	at org.jetbrains.kotlin.resolve.calls.tower.PSICallResolver.runResolutionAndInference(PSICallResolver.kt:109)
	at org.jetbrains.kotlin.resolve.calls.CallResolver.doResolveCallOrGetCachedResults(CallResolver.java:602)
	at org.jetbrains.kotlin.resolve.calls.CallResolver.lambda$computeTasksAndResolveCall$0(CallResolver.java:213)
	at org.jetbrains.kotlin.util.PerformanceCounter.time(PerformanceCounter.kt:90)
	at org.jetbrains.kotlin.resolve.calls.CallResolver.computeTasksAndResolveCall(CallResolver.java:211)
	at org.jetbrains.kotlin.resolve.calls.CallResolver.computeTasksAndResolveCall(CallResolver.java:199)
	at org.jetbrains.kotlin.resolve.calls.CallResolver.resolveFunctionCall(CallResolver.java:329)
	at org.jetbrains.kotlin.resolve.calls.CallExpressionResolver.getResolvedCallForFunction(CallExpressionResolver.kt:86)
	at org.jetbrains.kotlin.resolve.calls.CallExpressionResolver.getCallExpressionTypeInfoWithoutFinalTypeCheck(CallExpressionResolver.kt:208)
	at org.jetbrains.kotlin.resolve.calls.CallExpressionResolver.getUnsafeSelectorTypeInfo(CallExpressionResolver.kt:332)
	at org.jetbrains.kotlin.resolve.calls.CallExpressionResolver.getSafeOrUnsafeSelectorTypeInfo(CallExpressionResolver.kt:382)
	at org.jetbrains.kotlin.resolve.calls.CallExpressionResolver.getQualifiedExpressionTypeInfo(CallExpressionResolver.kt:480)
	at org.jetbrains.kotlin.types.expressions.BasicExpressionTypingVisitor.visitQualifiedExpression(BasicExpressionTypingVisitor.java:725)
	at org.jetbrains.kotlin.types.expressions.ExpressionTypingVisitorDispatcher.visitQualifiedExpression(ExpressionTypingVisitorDispatcher.java:391)
	at org.jetbrains.kotlin.types.expressions.ExpressionTypingVisitorDispatcher$ForBlock.visitQualifiedExpression(ExpressionTypingVisitorDispatcher.java:60)
	at org.jetbrains.kotlin.psi.KtVisitor.visitDotQualifiedExpression(KtVisitor.java:306)
	at org.jetbrains.kotlin.psi.KtDotQualifiedExpression.accept(KtDotQualifiedExpression.kt:33)
	at org.jetbrains.kotlin.types.expressions.ExpressionTypingVisitorDispatcher.lambda$getTypeInfo$0(ExpressionTypingVisitorDispatcher.java:176)
	at org.jetbrains.kotlin.util.PerformanceCounter.time(PerformanceCounter.kt:90)
	at org.jetbrains.kotlin.types.expressions.ExpressionTypingVisitorDispatcher.getTypeInfo(ExpressionTypingVisitorDispatcher.java:165)
	at org.jetbrains.kotlin.types.expressions.ExpressionTypingVisitorDispatcher.getTypeInfo(ExpressionTypingVisitorDispatcher.java:135)
	at org.jetbrains.kotlin.types.expressions.ExpressionTypingVisitorForStatements.visitExpression(ExpressionTypingVisitorForStatements.java:543)
	at org.jetbrains.kotlin.types.expressions.ExpressionTypingVisitorForStatements.visitExpression(ExpressionTypingVisitorForStatements.java:73)
	at org.jetbrains.kotlin.psi.KtVisitor.visitQualifiedExpression(KtVisitor.java:290)
	at org.jetbrains.kotlin.psi.KtVisitor.visitDotQualifiedExpression(KtVisitor.java:306)
	at org.jetbrains.kotlin.psi.KtDotQualifiedExpression.accept(KtDotQualifiedExpression.kt:33)
	at org.jetbrains.kotlin.types.expressions.ExpressionTypingVisitorDispatcher.lambda$getTypeInfo$0(ExpressionTypingVisitorDispatcher.java:176)
	at org.jetbrains.kotlin.util.PerformanceCounter.time(PerformanceCounter.kt:90)
	at org.jetbrains.kotlin.types.expressions.ExpressionTypingVisitorDispatcher.getTypeInfo(ExpressionTypingVisitorDispatcher.java:165)
	at org.jetbrains.kotlin.types.expressions.ExpressionTypingVisitorDispatcher.getTypeInfo(ExpressionTypingVisitorDispatcher.java:148)
	at org.jetbrains.kotlin.types.expressions.ExpressionTypingServices.getTypeOfLastExpressionInBlock(ExpressionTypingServices.java:451)
	at org.jetbrains.kotlin.types.expressions.ExpressionTypingServices.getBlockReturnedTypeWithWritableScope(ExpressionTypingServices.java:328)
	at org.jetbrains.kotlin.types.expressions.ExpressionTypingServices.getBlockReturnedType(ExpressionTypingServices.java:207)
	at org.jetbrains.kotlin.types.expressions.ExpressionTypingServices.getBlockReturnedType(ExpressionTypingServices.java:184)
	at org.jetbrains.kotlin.types.expressions.ExpressionTypingVisitorForStatements.visitBlockExpression(ExpressionTypingVisitorForStatements.java:586)
	at org.jetbrains.kotlin.types.expressions.ExpressionTypingVisitorForStatements.visitBlockExpression(ExpressionTypingVisitorForStatements.java:73)
	at org.jetbrains.kotlin.psi.KtBlockExpression.accept(KtBlockExpression.java:79)
	at org.jetbrains.kotlin.types.expressions.ExpressionTypingVisitorDispatcher.lambda$getTypeInfo$0(ExpressionTypingVisitorDispatcher.java:176)
	at org.jetbrains.kotlin.util.PerformanceCounter.time(PerformanceCounter.kt:90)
	at org.jetbrains.kotlin.types.expressions.ExpressionTypingVisitorDispatcher.getTypeInfo(ExpressionTypingVisitorDispatcher.java:165)
	at org.jetbrains.kotlin.types.expressions.ExpressionTypingVisitorDispatcher.getTypeInfo(ExpressionTypingVisitorDispatcher.java:148)
	at org.jetbrains.kotlin.types.expressions.ExpressionTypingServices.checkFunctionReturnType(ExpressionTypingServices.java:179)
	at org.jetbrains.kotlin.types.expressions.ExpressionTypingServices.checkFunctionReturnType(ExpressionTypingServices.java:166)
	at org.jetbrains.kotlin.resolve.BodyResolver.resolveFunctionBody(BodyResolver.java:1054)
	at org.jetbrains.kotlin.resolve.BodyResolver.resolveFunctionBody(BodyResolver.java:997)
	at org.jetbrains.kotlin.resolve.BodyResolver.resolveFunctionBodies(BodyResolver.java:982)
	at org.jetbrains.kotlin.resolve.BodyResolver.resolveBehaviorDeclarationBodies(BodyResolver.java:129)
	at org.jetbrains.kotlin.resolve.BodyResolver.resolveBodies(BodyResolver.java:256)
	at org.jetbrains.kotlin.resolve.LazyTopDownAnalyzer.analyzeDeclarations(LazyTopDownAnalyzer.kt:227)
	at org.jetbrains.kotlin.resolve.LazyTopDownAnalyzer.analyzeDeclarations$default(LazyTopDownAnalyzer.kt:58)
	at org.jetbrains.kotlin.cli.jvm.compiler.TopDownAnalyzerFacadeForJVM.analyzeFilesWithJavaIntegration(TopDownAnalyzerFacadeForJVM.kt:119)
	at org.jetbrains.kotlin.cli.jvm.compiler.TopDownAnalyzerFacadeForJVM.analyzeFilesWithJavaIntegration$default(TopDownAnalyzerFacadeForJVM.kt:77)
	at org.jetbrains.kotlin.cli.jvm.compiler.KotlinToJVMBytecodeCompiler$analyze$1.invoke(KotlinToJVMBytecodeCompiler.kt:256)
	at org.jetbrains.kotlin.cli.jvm.compiler.KotlinToJVMBytecodeCompiler$analyze$1.invoke(KotlinToJVMBytecodeCompiler.kt:247)
	at org.jetbrains.kotlin.cli.common.messages.AnalyzerWithCompilerReport.analyzeAndReport(AnalyzerWithCompilerReport.kt:115)
	at org.jetbrains.kotlin.cli.jvm.compiler.KotlinToJVMBytecodeCompiler.analyze(KotlinToJVMBytecodeCompiler.kt:247)
	at org.jetbrains.kotlin.cli.jvm.compiler.KotlinToJVMBytecodeCompiler.compileModules$cli(KotlinToJVMBytecodeCompiler.kt:87)
	at org.jetbrains.kotlin.cli.jvm.compiler.KotlinToJVMBytecodeCompiler.compileModules$cli$default(KotlinToJVMBytecodeCompiler.kt:43)
	at org.jetbrains.kotlin.cli.jvm.K2JVMCompiler.doExecute(K2JVMCompiler.kt:165)
	at org.jetbrains.kotlin.cli.jvm.K2JVMCompiler.doExecute(K2JVMCompiler.kt:50)
	at org.jetbrains.kotlin.cli.common.CLICompiler.execImpl(CLICompiler.kt:104)
	at org.jetbrains.kotlin.cli.common.CLICompiler.execImpl(CLICompiler.kt:48)
	at org.jetbrains.kotlin.cli.common.CLITool.exec(CLITool.kt:101)
	at org.jetbrains.kotlin.incremental.IncrementalJvmCompilerRunner.runCompiler(IncrementalJvmCompilerRunner.kt:463)
	at org.jetbrains.kotlin.incremental.IncrementalJvmCompilerRunner.runCompiler(IncrementalJvmCompilerRunner.kt:62)
	at org.jetbrains.kotlin.incremental.IncrementalCompilerRunner.doCompile(IncrementalCompilerRunner.kt:477)
	at org.jetbrains.kotlin.incremental.IncrementalCompilerRunner.compileImpl(IncrementalCompilerRunner.kt:400)
	at org.jetbrains.kotlin.incremental.IncrementalCompilerRunner.tryCompileIncrementally$lambda$6$compile(IncrementalCompilerRunner.kt:231)
	at org.jetbrains.kotlin.incremental.IncrementalCompilerRunner.tryCompileIncrementally(IncrementalCompilerRunner.kt:247)
	at org.jetbrains.kotlin.incremental.IncrementalCompilerRunner.compile(IncrementalCompilerRunner.kt:116)
	at org.jetbrains.kotlin.daemon.CompileServiceImplBase.execIncrementalCompiler(CompileServiceImpl.kt:657)
	at org.jetbrains.kotlin.daemon.CompileServiceImplBase.access$execIncrementalCompiler(CompileServiceImpl.kt:105)
	at org.jetbrains.kotlin.daemon.CompileServiceImpl.compile(CompileServiceImpl.kt:1624)
	at java.base/jdk.internal.reflect.NativeMethodAccessorImpl.invoke0(Native Method)
	at java.base/jdk.internal.reflect.NativeMethodAccessorImpl.invoke(NativeMethodAccessorImpl.java:77)
	at java.base/jdk.internal.reflect.DelegatingMethodAccessorImpl.invoke(DelegatingMethodAccessorImpl.java:43)
	at java.base/java.lang.reflect.Method.invoke(Method.java:569)
	at java.rmi/sun.rmi.server.UnicastServerRef.dispatch(UnicastServerRef.java:360)
	at java.rmi/sun.rmi.transport.Transport$1.run(Transport.java:200)
	at java.rmi/sun.rmi.transport.Transport$1.run(Transport.java:197)
	at java.base/java.security.AccessController.doPrivileged(AccessController.java:712)
	at java.rmi/sun.rmi.transport.Transport.serviceCall(Transport.java:196)
	at java.rmi/sun.rmi.transport.tcp.TCPTransport.handleMessages(TCPTransport.java:587)
	at java.rmi/sun.rmi.transport.tcp.TCPTransport$ConnectionHandler.run0(TCPTransport.java:828)
	at java.rmi/sun.rmi.transport.tcp.TCPTransport$ConnectionHandler.lambda$run$0(TCPTransport.java:705)
	at java.base/java.security.AccessController.doPrivileged(AccessController.java:399)
	at java.rmi/sun.rmi.transport.tcp.TCPTransport$ConnectionHandler.run(TCPTransport.java:704)
	at java.base/java.util.concurrent.ThreadPoolExecutor.runWorker(ThreadPoolExecutor.java:1136)
	at java.base/java.util.concurrent.ThreadPoolExecutor$Worker.run(ThreadPoolExecutor.java:635)
	at java.base/java.lang.Thread.run(Thread.java:840)
Caused by: java.lang.IllegalStateException: Could not read class: VirtualFile: /home/bykk/iDrugWgtest/iDrugWg-master/ui/build/intermediates/compile_r_class_jar/debug/generateDebugRFile/R.jar!/org/amnezia/awg/R$drawable.class
	at org.jetbrains.kotlin.load.java.structure.impl.classFiles.BinaryJavaClass.<init>(BinaryJavaClass.kt:122)
	at org.jetbrains.kotlin.load.java.structure.impl.classFiles.BinaryJavaClass.findInnerClass(BinaryJavaClass.kt:253)
	at org.jetbrains.kotlin.cli.jvm.compiler.KotlinCliJavaFileManagerImpl.findClass(KotlinCliJavaFileManagerImpl.kt:121)
	at org.jetbrains.kotlin.resolve.jvm.KotlinJavaPsiFacade$CliFinder.findClass(KotlinJavaPsiFacade.java:535)
	at org.jetbrains.kotlin.resolve.jvm.KotlinJavaPsiFacade.findClass(KotlinJavaPsiFacade.java:187)
	at org.jetbrains.kotlin.load.java.JavaClassFinderImpl.findClass(JavaClassFinderImpl.kt:46)
	at org.jetbrains.kotlin.load.java.lazy.descriptors.LazyJavaClassMemberScope$nestedClasses$1.invoke(LazyJavaClassMemberScope.kt:817)
	at org.jetbrains.kotlin.load.java.lazy.descriptors.LazyJavaClassMemberScope$nestedClasses$1.invoke(LazyJavaClassMemberScope.kt:814)
	at org.jetbrains.kotlin.storage.LockBasedStorageManager$MapBasedMemoizedFunction.invoke(LockBasedStorageManager.java:578)
	at org.jetbrains.kotlin.load.java.lazy.descriptors.LazyJavaClassMemberScope.getContributedClassifier(LazyJavaClassMemberScope.kt:860)
	at org.jetbrains.kotlin.resolve.scopes.InnerClassesScopeWrapper.getContributedClassifier(InnerClassesScopeWrapper.kt:29)
	at org.jetbrains.kotlin.resolve.QualifiedExpressionResolver.getContributedClassifier(QualifiedExpressionResolver.kt:570)
	at org.jetbrains.kotlin.resolve.QualifiedExpressionResolver.resolveToPackageOrClassPrefix(QualifiedExpressionResolver.kt:538)
	at org.jetbrains.kotlin.resolve.QualifiedExpressionResolver.resolveQualifierInExpressionAndUnroll(QualifiedExpressionResolver.kt:646)
	at org.jetbrains.kotlin.resolve.calls.CallExpressionResolver.elementChain(CallExpressionResolver.kt:295)
	at org.jetbrains.kotlin.resolve.calls.CallExpressionResolver.getQualifiedExpressionTypeInfo(CallExpressionResolver.kt:440)
	at org.jetbrains.kotlin.types.expressions.BasicExpressionTypingVisitor.visitQualifiedExpression(BasicExpressionTypingVisitor.java:725)
	at org.jetbrains.kotlin.types.expressions.ExpressionTypingVisitorDispatcher.visitQualifiedExpression(ExpressionTypingVisitorDispatcher.java:391)
	at org.jetbrains.kotlin.types.expressions.ExpressionTypingVisitorDispatcher$ForDeclarations.visitQualifiedExpression(ExpressionTypingVisitorDispatcher.java:47)
	at org.jetbrains.kotlin.psi.KtVisitor.visitDotQualifiedExpression(KtVisitor.java:306)
	at org.jetbrains.kotlin.psi.KtDotQualifiedExpression.accept(KtDotQualifiedExpression.kt:33)
	at org.jetbrains.kotlin.types.expressions.ExpressionTypingVisitorDispatcher.lambda$getTypeInfo$0(ExpressionTypingVisitorDispatcher.java:176)
	... 98 more
Caused by: java.nio.file.NoSuchFileException: /home/bykk/iDrugWgtest/iDrugWg-master/ui/build/intermediates/compile_r_class_jar/debug/generateDebugRFile/R.jar
	at java.base/sun.nio.fs.UnixException.translateToIOException(UnixException.java:92)
	at java.base/sun.nio.fs.UnixException.rethrowAsIOException(UnixException.java:106)
	at java.base/sun.nio.fs.UnixException.rethrowAsIOException(UnixException.java:111)
	at java.base/sun.nio.fs.UnixFileAttributeViews$Basic.readAttributes(UnixFileAttributeViews.java:55)
	at java.base/sun.nio.fs.UnixFileSystemProvider.readAttributes(UnixFileSystemProvider.java:148)
	at java.base/sun.nio.fs.LinuxFileSystemProvider.readAttributes(LinuxFileSystemProvider.java:99)
	at java.base/java.nio.file.Files.readAttributes(Files.java:1851)
	at org.jetbrains.kotlin.com.intellij.openapi.vfs.impl.ZipHandler.acquireZipHandle(ZipHandler.java:50)
	at org.jetbrains.kotlin.com.intellij.openapi.vfs.impl.ZipHandlerBase.contentsToByteArray(ZipHandlerBase.java:100)
	at org.jetbrains.kotlin.com.intellij.openapi.vfs.impl.jar.CoreJarVirtualFile.contentsToByteArray(CoreJarVirtualFile.java:111)
	at org.jetbrains.kotlin.load.java.structure.impl.classFiles.BinaryJavaClass.<init>(BinaryJavaClass.kt:117)
	... 119 more


