kotlin version: 1.9.20
error message: Incremental compilation failed: readPrevChunkAddress:70,98,59815,/home/bykk/iDrugWgtest/iDrugWg-master/ui/build/kotlin/kaptGenerateStubsDebugKotlin/cacheable/caches-jvm/inputs/source-to-output.tab.values
java.io.IOException: readPrevChunkAddress:70,98,59815,/home/bykk/iDrugWgtest/iDrugWg-master/ui/build/kotlin/kaptGenerateStubsDebugKotlin/cacheable/caches-jvm/inputs/source-to-output.tab.values
	at org.jetbrains.kotlin.com.intellij.util.io.PersistentHashMapValueStorage.readPrevChunkAddress(PersistentHashMapValueStorage.java:655)
	at org.jetbrains.kotlin.com.intellij.util.io.PersistentHashMapValueStorage.readBytes(PersistentHashMapValueStorage.java:546)
	at org.jetbrains.kotlin.com.intellij.util.io.PersistentMapImpl.doGet(PersistentMapImpl.java:604)
	at org.jetbrains.kotlin.com.intellij.util.io.PersistentMapImpl.get(PersistentMapImpl.java:545)
	at org.jetbrains.kotlin.com.intellij.util.io.PersistentHashMap.get(PersistentHashMap.java:178)
	at org.jetbrains.kotlin.incremental.storage.CachingLazyStorage.get(CachingLazyStorage.kt:74)
	at org.jetbrains.kotlin.incremental.storage.SourceToOutputFilesMap.get(SourceToOutputFilesMap.kt:21)
	at org.jetbrains.kotlin.incremental.storage.SourceToOutputFilesMap.getAndRemove(SourceToOutputFilesMap.kt:27)
	at org.jetbrains.kotlin.incremental.InputsCache.removeOutputForSourceFiles(InputsCache.kt:41)
	at org.jetbrains.kotlin.incremental.IncrementalCompilerRunner.doCompile(IncrementalCompilerRunner.kt:458)
	at org.jetbrains.kotlin.incremental.IncrementalCompilerRunner.compileImpl(IncrementalCompilerRunner.kt:400)
	at org.jetbrains.kotlin.incremental.IncrementalCompilerRunner.tryCompileIncrementally$lambda$6$compile(IncrementalCompilerRunner.kt:231)
	at org.jetbrains.kotlin.incremental.IncrementalCompilerRunner.tryCompileIncrementally(IncrementalCompilerRunner.kt:247)
	at org.jetbrains.kotlin.incremental.IncrementalCompilerRunner.compile(IncrementalCompilerRunner.kt:116)
	at org.jetbrains.kotlin.daemon.CompileServiceImplBase.execIncrementalCompiler(CompileServiceImpl.kt:657)
	at org.jetbrains.kotlin.daemon.CompileServiceImplBase.access$execIncrementalCompiler(CompileServiceImpl.kt:105)
	at org.jetbrains.kotlin.daemon.CompileServiceImpl.compile(CompileServiceImpl.kt:1624)
	at jdk.internal.reflect.GeneratedMethodAccessor156.invoke(Unknown Source)
	at java.base/jdk.internal.reflect.DelegatingMethodAccessorImpl.invoke(DelegatingMethodAccessorImpl.java:43)
	at java.base/java.lang.reflect.Method.invoke(Method.java:569)
	at java.rmi/sun.rmi.server.UnicastServerRef.dispatch(UnicastServerRef.java:360)
	at java.rmi/sun.rmi.transport.Transport$1.run(Transport.java:200)
	at java.rmi/sun.rmi.transport.Transport$1.run(Transport.java:197)
	at java.base/java.security.AccessController.doPrivileged(AccessController.java:712)
	at java.rmi/sun.rmi.transport.Transport.serviceCall(Transport.java:196)
	at java.rmi/sun.rmi.transport.tcp.TCPTransport.handleMessages(TCPTransport.java:587)
	at java.rmi/sun.rmi.transport.tcp.TCPTransport$ConnectionHandler.run0(TCPTransport.java:828)
	at java.rmi/sun.rmi.transport.tcp.TCPTransport$ConnectionHandler.lambda$run$0(TCPTransport.java:705)
	at java.base/java.security.AccessController.doPrivileged(AccessController.java:399)
	at java.rmi/sun.rmi.transport.tcp.TCPTransport$ConnectionHandler.run(TCPTransport.java:704)
	at java.base/java.util.concurrent.ThreadPoolExecutor.runWorker(ThreadPoolExecutor.java:1136)
	at java.base/java.util.concurrent.ThreadPoolExecutor$Worker.run(ThreadPoolExecutor.java:635)
	at java.base/java.lang.Thread.run(Thread.java:840)


